// Vitest Snapshot v1, https://vitest.dev/guide/snapshot.html

exports[`published CLI help > snapshots the root, every group, and every registered subcommand 1`] = `
{
  "commands": {
    "api-keys create": "Mint an API Key (raw secret surfaced once only).

Usage:
  splitch api-keys create [flags]

Flags:
  --app <app>              [type: string; default: SPLITCH_APP or config] App ID or slug.
  --env <environment>      [type: string; default: SPLITCH_ENV or config] Environment ID or slug.
  --body-json <json>       [type: JSON object; default: none] Request body fields; see Request body below.
  --idempotency-key <key>  [type: string; default: generated] Stable retry key for this mutation.
  --json                   [type: boolean; default: false] Write machine-readable JSON to stdout.
  -h, --help               [type: boolean; default: false] Show help and exit.

Request body (--body-json):
  scopes           required  string ("data-plane:evaluate" | "data-plane:write")[]
  idempotency_key  optional  string
  Example:
    {"scopes":[]}

Credential semantics:
  API Key is secret and server-side only; a newly created value is shown once and cannot be read back.

Example:
  splitch api-keys create --body-json '{"scopes":[]}' --json",
    "api-keys list": "List API Key metadata (no secrets).

Usage:
  splitch api-keys list [flags]

Flags:
  --app <app>          [type: string; default: SPLITCH_APP or config] App ID or slug.
  --env <environment>  [type: string; default: SPLITCH_ENV or config] Environment ID or slug.
  --json               [type: boolean; default: false] Write machine-readable JSON to stdout.
  -h, --help           [type: boolean; default: false] Show help and exit.

Credential semantics:
  API Key is secret and server-side only; a newly created value is shown once and cannot be read back.

Example:
  splitch api-keys list --json",
    "api-keys revoke": "Revoke an API Key.

Usage:
  splitch api-keys revoke <key-id> [flags]

Flags:
  --app <app>          [type: string; default: SPLITCH_APP or config] App ID or slug.
  --env <environment>  [type: string; default: SPLITCH_ENV or config] Environment ID or slug.
  --body-json <json>   [type: JSON object; default: none] Request body fields; see Request body below.
  --json               [type: boolean; default: false] Write machine-readable JSON to stdout.
  -h, --help           [type: boolean; default: false] Show help and exit.

Request body (--body-json):
  (empty object)
  Example:
    {}

Credential semantics:
  API Key is secret and server-side only; a newly created value is shown once and cannot be read back.

Example:
  splitch api-keys revoke <key-id> --body-json '{}' --json",
    "app-attention-rollup get": "Read explicit per-Environment SRM and Guardrail attention for one App.

Usage:
  splitch app-attention-rollup get [flags]

Flags:
  --app <app>  [type: string; default: SPLITCH_APP or config] App ID or slug.
  --json       [type: boolean; default: false] Write machine-readable JSON to stdout.
  -h, --help   [type: boolean; default: false] Show help and exit.

Example:
  splitch app-attention-rollup get --json",
    "app-privacy export": "Export an App's data.

Usage:
  splitch app-privacy export [flags]

Flags:
  --app <app>  [type: string; default: SPLITCH_APP or config] App ID or slug.
  --json       [type: boolean; default: false] Write machine-readable JSON to stdout.
  -h, --help   [type: boolean; default: false] Show help and exit.

Example:
  splitch app-privacy export --json",
    "approval-request-reviews create": "Review a pending Approval Request and optionally apply its proposal.

Usage:
  splitch approval-request-reviews create <id> [flags]

Flags:
  --app <app>              [type: string; default: SPLITCH_APP or config] App ID or slug.
  --body-json <json>       [type: JSON object; default: none] Request body fields; see Request body below.
  --idempotency-key <key>  [type: string; default: generated] Stable retry key for this mutation.
  --json                   [type: boolean; default: false] Write machine-readable JSON to stdout.
  -h, --help               [type: boolean; default: false] Show help and exit.

Request body (--body-json):
  action           required  string ("approve_and_apply" | "decline")
  reason           optional  string
  idempotency_key  required  string
  Example:
    {"action":"approve_and_apply","idempotency_key":"idem-1"}

Example:
  splitch approval-request-reviews create <id> --body-json '{"action":"approve_and_apply","idempotency_key":"idem-1"}' --json",
    "approval-requests get": "Get one full Approval Request projection.

Usage:
  splitch approval-requests get <id> [flags]

Flags:
  --app <app>  [type: string; default: SPLITCH_APP or config] App ID or slug.
  --json       [type: boolean; default: false] Write machine-readable JSON to stdout.
  -h, --help   [type: boolean; default: false] Show help and exit.

Example:
  splitch approval-requests get <id> --json",
    "approval-requests list": "List Approval Requests in an App.

Usage:
  splitch approval-requests list [flags]

Flags:
  --app <app>          [type: string; default: SPLITCH_APP or config] App ID or slug.
  --env <environment>  [type: string; default: none] Optional Environment ID or slug filter (Policy context).
  --json               [type: boolean; default: false] Write machine-readable JSON to stdout.
  -h, --help           [type: boolean; default: false] Show help and exit.

Example:
  splitch approval-requests list --json",
    "apps create": "Create an App (provisions dev + prod Environments and Client Keys).

Usage:
  splitch apps create <org-id> [flags]

Flags:
  --org <organization>     [type: string; default: none] Organization ID.
  --name <name>            [type: string; default: none] Resource name.
  --key <key>              [type: string; default: none] Resource key.
  --body-json <json>       [type: JSON object; default: none] Request body fields; see Request body below.
  --idempotency-key <key>  [type: string; default: generated] Stable retry key for this mutation.
  --json                   [type: boolean; default: false] Write machine-readable JSON to stdout.
  -h, --help               [type: boolean; default: false] Show help and exit.

Request body (--body-json):
  name             required  string
  key              optional  string
  description      optional  string
  idempotency_key  optional  string
  Example:
    {"name":"name"}

Example:
  splitch apps create <org-id> --body-json '{"name":"name"}' --json",
    "apps delete": "Delete an App. Dry-run mode lists every blocker with IDs and remove commands; force mode cascades non-gated children and stops with pending Approval Request IDs when Policy requires Review. Blocked while any Experiment is running.

Usage:
  splitch apps delete [flags]

Flags:
  --app <app>  [type: string; default: SPLITCH_APP or config] App ID or slug.
  --dry-run    [type: boolean; default: false] List every delete blocker with IDs and remove commands; delete nothing.
  --force      [type: boolean; default: false] Cascade non-gated children in dependency order; stop with pending Approval Request IDs when Policy requires Review.
  --json       [type: boolean; default: false] Write machine-readable JSON to stdout.
  -h, --help   [type: boolean; default: false] Show help and exit.

Example:
  splitch apps delete --json",
    "apps get": "Get one App.

Usage:
  splitch apps get [flags]

Flags:
  --app <app>  [type: string; default: SPLITCH_APP or config] App ID or slug.
  --json       [type: boolean; default: false] Write machine-readable JSON to stdout.
  -h, --help   [type: boolean; default: false] Show help and exit.

Example:
  splitch apps get --json",
    "apps list": "List the Apps in an organization.

Usage:
  splitch apps list <org-id> [flags]

Flags:
  --org <organization>  [type: string; default: none] Organization ID.
  --json                [type: boolean; default: false] Write machine-readable JSON to stdout.
  -h, --help            [type: boolean; default: false] Show help and exit.

Example:
  splitch apps list <org-id> --json",
    "apps update": "Rename an App.

Usage:
  splitch apps update [flags]

Flags:
  --app <app>         [type: string; default: SPLITCH_APP or config] App ID or slug.
  --name <name>       [type: string; default: none] Resource name.
  --body-json <json>  [type: JSON object; default: none] Request body fields; see Request body below.
  --json              [type: boolean; default: false] Write machine-readable JSON to stdout.
  -h, --help          [type: boolean; default: false] Show help and exit.

Request body (--body-json):
  name         optional  string
  description  optional  string
  Example:
    {"name":"name"}

Example:
  splitch apps update --body-json '{"name":"name"}' --json",
    "client-key get": "Get the Environment's public Client Key (never 404s for a live Env).

Usage:
  splitch client-key get [flags]

Flags:
  --app <app>          [type: string; default: SPLITCH_APP or config] App ID or slug.
  --env <environment>  [type: string; default: SPLITCH_ENV or config] Environment ID or slug.
  --json               [type: boolean; default: false] Write machine-readable JSON to stdout.
  -h, --help           [type: boolean; default: false] Show help and exit.

Credential semantics:
  Client Key is public and safe for untrusted clients; flags verify fetches it automatically.

Example:
  splitch client-key get --json",
    "client-key rotate": "Revoke the current Client Key and create its replacement.

Usage:
  splitch client-key rotate [flags]

Flags:
  --app <app>          [type: string; default: SPLITCH_APP or config] App ID or slug.
  --env <environment>  [type: string; default: SPLITCH_ENV or config] Environment ID or slug.
  --json               [type: boolean; default: false] Write machine-readable JSON to stdout.
  -h, --help           [type: boolean; default: false] Show help and exit.

Credential semantics:
  Client Key is public and safe for untrusted clients; flags verify fetches it automatically.

Example:
  splitch client-key rotate --json",
    "client-key update": "Update the Client Key's origin allow-list / rate limit.

Usage:
  splitch client-key update [flags]

Flags:
  --app <app>          [type: string; default: SPLITCH_APP or config] App ID or slug.
  --env <environment>  [type: string; default: SPLITCH_ENV or config] Environment ID or slug.
  --body-json <json>   [type: JSON object; default: none] Request body fields; see Request body below.
  --json               [type: boolean; default: false] Write machine-readable JSON to stdout.
  -h, --help           [type: boolean; default: false] Show help and exit.

Request body (--body-json):
  originAllowlist  optional  string[] | null
  rateLimitRps     optional  number
  Example:
    {"originAllowlist":["https://app.example.com"]}

Credential semantics:
  Client Key is public and safe for untrusted clients; flags verify fetches it automatically.

Example:
  splitch client-key update --body-json '{"originAllowlist":["https://app.example.com"]}' --json",
    "current-user delete": "Request deletion of the authenticated User.

Usage:
  splitch current-user delete [flags]

Flags:
  --json      [type: boolean; default: false] Write machine-readable JSON to stdout.
  -h, --help  [type: boolean; default: false] Show help and exit.

Example:
  splitch current-user delete --json",
    "current-user-privacy export": "Export the authenticated User's data.

Usage:
  splitch current-user-privacy export [flags]

Flags:
  --json      [type: boolean; default: false] Write machine-readable JSON to stdout.
  -h, --help  [type: boolean; default: false] Show help and exit.

Example:
  splitch current-user-privacy export --json",
    "entity-privacy delete": "Delete an Entity's data (tombstones + queued physical purge).

Usage:
  splitch entity-privacy delete [flags]

Flags:
  --app <app>         [type: string; default: SPLITCH_APP or config] App ID or slug.
  --body-json <json>  [type: JSON object; default: none] Request body fields; see Request body below.
  --json              [type: boolean; default: false] Write machine-readable JSON to stdout.
  -h, --help          [type: boolean; default: false] Show help and exit.

Request body (--body-json):
  idType        required  string
  targetingKey  required  string
  Example:
    {"idType":"idType","targetingKey":"userId"}

Example:
  splitch entity-privacy delete --body-json '{"idType":"idType","targetingKey":"userId"}' --json",
    "entity-privacy export": "Export an Entity's data-subject records (Targeting Key hashed server-side).

Usage:
  splitch entity-privacy export [flags]

Flags:
  --app <app>         [type: string; default: SPLITCH_APP or config] App ID or slug.
  --body-json <json>  [type: JSON object; default: none] Request body fields; see Request body below.
  --json              [type: boolean; default: false] Write machine-readable JSON to stdout.
  -h, --help          [type: boolean; default: false] Show help and exit.

Request body (--body-json):
  idType        required  string
  targetingKey  required  string
  Example:
    {"idType":"idType","targetingKey":"userId"}

Example:
  splitch entity-privacy export --body-json '{"idType":"idType","targetingKey":"userId"}' --json",
    "env-policy get": "Get the selected Environment Policy.

Usage:
  splitch env-policy get [flags]

Flags:
  --app <app>          [type: string; default: SPLITCH_APP or config] App ID or slug.
  --env <environment>  [type: string; default: SPLITCH_ENV or config] Environment ID or slug.
  --json               [type: boolean; default: false] Write machine-readable JSON to stdout.
  -h, --help           [type: boolean; default: false] Show help and exit.

Behavior:
  Turning a Flag Config off applies without approval regardless of this level.

Example:
  splitch env-policy get --json",
    "env-policy set": "Update the selected Environment Policy.

Usage:
  splitch env-policy set [flags]

Flags:
  --app <app>          [type: string; default: SPLITCH_APP or config] App ID or slug.
  --env <environment>  [type: string; default: SPLITCH_ENV or config] Environment ID or slug.
  --name <name>        [type: string; default: none] Resource name.
  --body-json <json>   [type: JSON object; default: none] Request body fields; see Request body below.
  --json               [type: boolean; default: false] Write machine-readable JSON to stdout.
  -h, --help           [type: boolean; default: false] Show help and exit.

Request body (--body-json):
  variantAvailability    required  string ("allow" | "confirm")
  targetingRolloutValue  required  string ("allow" | "confirm")
  enabledState           required  string ("allow" | "confirm")
  startExperimentRun     required  string ("allow" | "confirm")
  Example:
    {"variantAvailability":"allow","targetingRolloutValue":"allow","enabledState":"allow","startExperimentRun":"allow"}

Behavior:
  Turning a Flag Config off applies without approval regardless of this level.

Example:
  splitch env-policy set --body-json '{"variantAvailability":"allow","targetingRolloutValue":"allow","enabledState":"allow","startExperimentRun":"allow"}' --json",
    "envs create": "Create an Environment (auto-provisions its Client Key).

Usage:
  splitch envs create [flags]

Flags:
  --app <app>         [type: string; default: SPLITCH_APP or config] App ID or slug.
  --name <name>       [type: string; default: none] Resource name.
  --key <key>         [type: string; default: none] Resource key.
  --body-json <json>  [type: JSON object; default: none] Request body fields; see Request body below.
  --json              [type: boolean; default: false] Write machine-readable JSON to stdout.
  -h, --help          [type: boolean; default: false] Show help and exit.

Request body (--body-json):
  key     required  string
  name    optional  string
  policy  optional  { variantAvailability: string ("allow" | "confirm"); targetingRolloutValue: string ("allow" | "confirm"); enabledState: string ("allow" | "confirm"); startExperimentRun: string ("allow" | "confirm") }
  Example:
    {"key":"key"}

Example:
  splitch envs create --body-json '{"key":"key"}' --json",
    "envs delete": "Delete an Environment (blocked if running or last Environment).

Usage:
  splitch envs delete [flags]

Flags:
  --app <app>          [type: string; default: SPLITCH_APP or config] App ID or slug.
  --env <environment>  [type: string; default: SPLITCH_ENV or config] Environment ID or slug.
  --json               [type: boolean; default: false] Write machine-readable JSON to stdout.
  -h, --help           [type: boolean; default: false] Show help and exit.

Example:
  splitch envs delete --json",
    "envs get": "Get one Environment (includes its inline Policy).

Usage:
  splitch envs get [flags]

Flags:
  --app <app>          [type: string; default: SPLITCH_APP or config] App ID or slug.
  --env <environment>  [type: string; default: SPLITCH_ENV or config] Environment ID or slug.
  --json               [type: boolean; default: false] Write machine-readable JSON to stdout.
  -h, --help           [type: boolean; default: false] Show help and exit.

Example:
  splitch envs get --json",
    "envs list": "List an App's Environments.

Usage:
  splitch envs list [flags]

Flags:
  --app <app>  [type: string; default: SPLITCH_APP or config] App ID or slug.
  --json       [type: boolean; default: false] Write machine-readable JSON to stdout.
  -h, --help   [type: boolean; default: false] Show help and exit.

Example:
  splitch envs list --json",
    "envs update": "Rename an Environment or edit its Policy.

Usage:
  splitch envs update [flags]

Flags:
  --app <app>          [type: string; default: SPLITCH_APP or config] App ID or slug.
  --env <environment>  [type: string; default: SPLITCH_ENV or config] Environment ID or slug.
  --name <name>        [type: string; default: none] Resource name.
  --body-json <json>   [type: JSON object; default: none] Request body fields; see Request body below.
  --json               [type: boolean; default: false] Write machine-readable JSON to stdout.
  -h, --help           [type: boolean; default: false] Show help and exit.

Request body (--body-json):
  name    optional  string
  policy  optional  { variantAvailability: string ("allow" | "confirm"); targetingRolloutValue: string ("allow" | "confirm"); enabledState: string ("allow" | "confirm"); startExperimentRun: string ("allow" | "confirm") }
  Example:
    {"name":"name"}

Example:
  splitch envs update --body-json '{"name":"name"}' --json",
    "experiment-results get": "Get an Experiment's results envelope: state ready with StatsOutput, state no_data naming the missing input, or state no_run naming Start when the Experiment has never had a Run.

Usage:
  splitch experiment-results get <experiment-id> [flags]

Flags:
  --app <app>          [type: string; default: SPLITCH_APP or config] App ID or slug.
  --env <environment>  [type: string; default: SPLITCH_ENV or config] Environment ID or slug.
  --json               [type: boolean; default: false] Write machine-readable JSON to stdout.
  -h, --help           [type: boolean; default: false] Show help and exit.

Example:
  splitch experiment-results get <experiment-id> --json",
    "experiment-results post": "Get an Experiment's results envelope: state ready with StatsOutput, state no_data naming the missing input, or state no_run naming Start when the Experiment has never had a Run.

Usage:
  splitch experiment-results post <experiment-id> [flags]

Flags:
  --app <app>          [type: string; default: SPLITCH_APP or config] App ID or slug.
  --env <environment>  [type: string; default: SPLITCH_ENV or config] Environment ID or slug.
  --body-json <json>   [type: JSON object; default: none] Request body fields; see Request body below.
  --json               [type: boolean; default: false] Write machine-readable JSON to stdout.
  -h, --help           [type: boolean; default: false] Show help and exit.

Request body (--body-json):
  runId  optional  string
  Example:
    {"runId":"run_1"}

Example:
  splitch experiment-results post <experiment-id> --body-json '{"runId":"run_1"}' --json",
    "experiments create": "Create an Experiment draft.

Usage:
  splitch experiments create [flags]

Flags:
  --app <app>              [type: string; default: SPLITCH_APP or config] App ID or slug.
  --env <environment>      [type: string; default: SPLITCH_ENV or config] Environment ID or slug.
  --name <name>            [type: string; default: none] Resource name.
  --key <key>              [type: string; default: none] Resource key.
  --body-json <json>       [type: JSON object; default: none] Request body fields; see Request body below.
  --idempotency-key <key>  [type: string; default: generated] Stable retry key for this mutation.
  --json                   [type: boolean; default: false] Write machine-readable JSON to stdout.
  -h, --help               [type: boolean; default: false] Show help and exit.

Request body (--body-json):
  appId               required  string
  environmentId       required  string
  name                required  string
  key                 required  string
  flagId              required  string
  targetingKey        required  string
  targetingKeyType    required  string
  description         optional  string
  hypothesis          optional  string
  confidenceLevel     optional; default 0.95  number
  metrics             required  { metricId: string }[]
  guardrailMetrics    optional; default []  { metricId: string }[]
  activationMetricId  optional  string | null
  conversionWindowMs  optional; default 0  number
  dimensions          optional; default []  string[]
  allocation          optional  Record<Variant name, number>
  salt                optional  string
  targetingRules      optional  { id: string; flagId: string; priority: number; conditions: { attribute: string; operator: string ("eq" | "neq" | "gt" | "lt" | "gte" | "lte" | "in" | "not_in" | "matches" | "not_matches"); value: boolean | string | number | unknown[] }[]; variantId: string; percentageRollout?: { percentage: number; salt: string } | null }[]
  segmentIds          optional  string[]
  idempotency_key     optional  string
  Example:
    {"appId":"app_1","environmentId":"environment_1","name":"name","key":"key","flagId":"flag_1","targetingKey":"userId","targetingKeyType":"user","metrics":[{"metricId":"metric_1"}]}

Example:
  splitch experiments create --body-json '{"appId":"app_1","environmentId":"environment_1","name":"name","key":"key","flagId":"flag_1","targetingKey":"userId","targetingKeyType":"user","metrics":[{"metricId":"metric_1"}]}' --json",
    "experiments delete": "Archive an Experiment; Runs are retained (blocked while a Run is running).

Usage:
  splitch experiments delete <experiment-id> [flags]

Flags:
  --app <app>          [type: string; default: SPLITCH_APP or config] App ID or slug.
  --env <environment>  [type: string; default: SPLITCH_ENV or config] Environment ID or slug.
  --json               [type: boolean; default: false] Write machine-readable JSON to stdout.
  -h, --help           [type: boolean; default: false] Show help and exit.

Example:
  splitch experiments delete <experiment-id> --json",
    "experiments get": "Get an Experiment (includes live Run id, draft config).

Usage:
  splitch experiments get <experiment-id> [flags]

Flags:
  --app <app>          [type: string; default: SPLITCH_APP or config] App ID or slug.
  --env <environment>  [type: string; default: SPLITCH_ENV or config] Environment ID or slug.
  --json               [type: boolean; default: false] Write machine-readable JSON to stdout.
  -h, --help           [type: boolean; default: false] Show help and exit.

Example:
  splitch experiments get <experiment-id> --json",
    "experiments list": "List Experiments in an Environment.

Usage:
  splitch experiments list [flags]

Flags:
  --app <app>          [type: string; default: SPLITCH_APP or config] App ID or slug.
  --env <environment>  [type: string; default: SPLITCH_ENV or config] Environment ID or slug.
  --json               [type: boolean; default: false] Write machine-readable JSON to stdout.
  -h, --help           [type: boolean; default: false] Show help and exit.

Example:
  splitch experiments list --json",
    "experiments start": "Start the draft as a new Run; ends any running Run (Policy-gated). Freezes draft Targeting Rules into the Run.

Usage:
  splitch experiments start <experiment-id> [flags]

Flags:
  --app <app>              [type: string; default: SPLITCH_APP or config] App ID or slug.
  --env <environment>      [type: string; default: SPLITCH_ENV or config] Environment ID or slug.
  --body-json <json>       [type: JSON object; default: none] Request body fields; see Request body below.
  --idempotency-key <key>  [type: string; default: generated] Stable retry key for this mutation.
  --confirm                [type: boolean; default: false] Approve and apply a Policy-gated change.
  --json                   [type: boolean; default: false] Write machine-readable JSON to stdout.
  -h, --help               [type: boolean; default: false] Show help and exit.

Request body (--body-json):
  review            optional  { action: "approve_and_apply" }
  reason            optional  string
  horizon           optional  string ("sequential" | "fixed")
  sampleSizeLocked  optional  number | null
  idempotency_key   required  string
  Example:
    {"horizon":"sequential","idempotency_key":"idem-1"}

Behavior:
  Start freezes the Experiment draft Targeting Rules into the new Run; the response field frozenTargetingRules is that snapshot (same as run.targetingRules).
  An empty frozen set means all Entities are eligible via allocation; Flag Configuration targeting rules do not apply while the Run is live.
  Without --json, the CLI prints a frozen-targeting summary to stderr.

Example:
  splitch experiments start <experiment-id> --body-json '{"horizon":"sequential","idempotency_key":"idem-1"}' --json",
    "experiments update": "Edit an Experiment (assignment edits gated by RUN_FROZEN / DECISION_LOCKED). Staged Targeting Rule edits under a live Run leave evaluation on the frozen Run.

Usage:
  splitch experiments update <experiment-id> [flags]

Flags:
  --app <app>          [type: string; default: SPLITCH_APP or config] App ID or slug.
  --env <environment>  [type: string; default: SPLITCH_ENV or config] Environment ID or slug.
  --name <name>        [type: string; default: none] Resource name.
  --body-json <json>   [type: JSON object; default: none] Request body fields; see Request body below.
  --json               [type: boolean; default: false] Write machine-readable JSON to stdout.
  -h, --help           [type: boolean; default: false] Show help and exit.

Request body (--body-json):
  name                optional  string
  description         optional  string
  hypothesis          optional  string
  owner               optional  string
  tags                optional  string[]
  flagId              optional  string
  targetingKey        optional  string
  targetingKeyType    optional  string
  activationMetricId  optional  string | null
  allocation          optional  Record<Variant name, number>
  salt                optional  string
  variantSet          optional  { id: string; name: string; value: boolean | string | number | Record<string, unknown>; description?: string }[]
  targetingRules      optional  { id: string; flagId: string; priority: number; conditions: { attribute: string; operator: string ("eq" | "neq" | "gt" | "lt" | "gte" | "lte" | "in" | "not_in" | "matches" | "not_matches"); value: boolean | string | number | unknown[] }[]; variantId: string; percentageRollout?: { percentage: number; salt: string } | null }[]
  segmentIds          optional  string[]
  metrics             optional  { metricId: string }[]
  guardrailMetrics    optional  { metricId: string }[]
  conversionWindowMs  optional  number
  dimensions          optional  string[]
  confidenceLevel     optional  number
  stageForNextRun     optional  true
  Example:
    {"tags":[],"allocation":{"control":1,"treatment":1},"segmentIds":[],"dimensions":[],"stageForNextRun":true}

Behavior:
  While a Run is live, assignment fields (including Targeting Rules) require stageForNextRun and write only the next-Run draft.
  A successful staged Targeting Rule edit returns liveRunUnaffected naming the Run evaluation still uses.
  Without --json, the CLI prints that the live Run is unaffected.

Example:
  splitch experiments update <experiment-id> --body-json '{"tags":[],"allocation":{"control":1,"treatment":1},"segmentIds":[],"dimensions":[],"stageForNextRun":true}' --json",
    "flag-config get": "Get a Flag's per-Environment Configuration.

Usage:
  splitch flag-config get <flag-id-or-key> [flags]

Flags:
  --app <app>          [type: string; default: SPLITCH_APP or config] App ID or slug.
  --env <environment>  [type: string; default: SPLITCH_ENV or config] Environment ID or slug.
  --json               [type: boolean; default: false] Write machine-readable JSON to stdout.
  -h, --help           [type: boolean; default: false] Show help and exit.

Example:
  splitch flag-config get <flag-id-or-key> --json",
    "flag-config update": "Update enabled state / available Variants (Policy-gated change types). Turning a Flag Config off applies without approval regardless of this level.

Usage:
  splitch flag-config update <flag-id-or-key> [flags]

Flags:
  --app <app>               [type: string; default: SPLITCH_APP or config] App ID or slug.
  --env <environment>       [type: string; default: SPLITCH_ENV or config] Environment ID or slug.
  --enabled <boolean>       [type: boolean; default: current value] Set the Flag enabled state.
  --rollout <percent|none>  [type: number | none; default: current value] Set or clear the baseline rollout.
  --body-json <json>        [type: JSON object; default: none] Request body fields; see Request body below.
  --idempotency-key <key>   [type: string; default: generated] Stable retry key for this mutation.
  --confirm                 [type: boolean; default: false] Approve and apply a Policy-gated change.
  --json                    [type: boolean; default: false] Write machine-readable JSON to stdout.
  -h, --help                [type: boolean; default: false] Show help and exit.

Request body (--body-json):
  enabled                optional  boolean
  availableVariantNames  optional  string[]
  rollout                optional  { percentage: number } | null
  review                 optional  { action: "approve_and_apply" }
  idempotency_key        required  string
  Example:
    {"enabled":true,"availableVariantNames":[],"idempotency_key":"idem-1"}

Example:
  splitch flag-config update <flag-id-or-key> --body-json '{"enabled":true,"availableVariantNames":[],"idempotency_key":"idem-1"}' --json",
    "flag-targeting-rules replace": "Full-replace this Environment's ordered Targeting Rule list.

Usage:
  splitch flag-targeting-rules replace <flag-id-or-key> [flags]

Flags:
  --app <app>              [type: string; default: SPLITCH_APP or config] App ID or slug.
  --env <environment>      [type: string; default: SPLITCH_ENV or config] Environment ID or slug.
  --body-json <json>       [type: JSON object; default: none] Request body fields; see Request body below.
  --idempotency-key <key>  [type: string; default: generated] Stable retry key for this mutation.
  --confirm                [type: boolean; default: false] Approve and apply a Policy-gated change.
  --json                   [type: boolean; default: false] Write machine-readable JSON to stdout.
  -h, --help               [type: boolean; default: false] Show help and exit.

Request body (--body-json):
  targetingRules   required  { id: string; flagId: string; priority: number; conditions: { attribute: string; operator: string ("eq" | "neq" | "gt" | "lt" | "gte" | "lte" | "in" | "not_in" | "matches" | "not_matches"); value: boolean | string | number | unknown[] }[]; variantId: string; percentageRollout?: { percentage: number; salt: string } | null }[]
  review           optional  { action: "approve_and_apply" }
  idempotency_key  required  string
  Example:
    {"targetingRules":[{"id":"id_1","flagId":"flag_1","priority":0,"conditions":[{"attribute":"attribute","operator":"eq","value":true}],"variantId":"variant_1"}],"idempotency_key":"idem-1"}

Behavior:
  While a Run is live on this Flag, replace is refused with RUN_FROZEN (end the Run first).
  A live Run evaluates its own frozen Targeting Rule snapshot, not this Flag Configuration list.

Example:
  splitch flag-targeting-rules replace <flag-id-or-key> --body-json '{"targetingRules":[{"id":"id_1","flagId":"flag_1","priority":0,"conditions":[{"attribute":"attribute","operator":"eq","value":true}],"variantId":"variant_1"}],"idempotency_key":"idem-1"}' --json",
    "flag-variants create": "Add a Variant to the App-level catalog.

Usage:
  splitch flag-variants create <flag-id-or-key> [flags]

Flags:
  --app <app>              [type: string; default: SPLITCH_APP or config] App ID or slug.
  --name <name>            [type: string; default: none] Resource name.
  --body-json <json>       [type: JSON object; default: none] Request body fields; see Request body below.
  --idempotency-key <key>  [type: string; default: generated] Stable retry key for this mutation.
  --json                   [type: boolean; default: false] Write machine-readable JSON to stdout.
  -h, --help               [type: boolean; default: false] Show help and exit.

Request body (--body-json):
  appId            required  string
  flagId           required  string
  name             required  string
  value            required  boolean | string | number | Record<string, unknown>
  isDefault        optional  boolean
  description      optional  string
  idempotency_key  required  string
  Example:
    {"appId":"app_1","flagId":"flag_1","name":"name","value":true,"idempotency_key":"idem-1"}

Example:
  splitch flag-variants create <flag-id-or-key> --body-json '{"appId":"app_1","flagId":"flag_1","name":"name","value":true,"idempotency_key":"idem-1"}' --json",
    "flag-variants delete": "Remove a catalog Variant (blocked if available or in a running Run).

Usage:
  splitch flag-variants delete <flag-id-or-key> <variant-name> [flags]

Flags:
  --app <app>              [type: string; default: SPLITCH_APP or config] App ID or slug.
  --idempotency-key <key>  [type: string; default: generated] Stable retry key for this mutation.
  --json                   [type: boolean; default: false] Write machine-readable JSON to stdout.
  -h, --help               [type: boolean; default: false] Show help and exit.

Example:
  splitch flag-variants delete <flag-id-or-key> <variant-name> --json",
    "flag-variants update": "Update a catalog Variant (value is Run-frozen).

Usage:
  splitch flag-variants update <flag-id-or-key> <variant-name> [flags]

Flags:
  --app <app>              [type: string; default: SPLITCH_APP or config] App ID or slug.
  --name <name>            [type: string; default: none] Resource name.
  --body-json <json>       [type: JSON object; default: none] Request body fields; see Request body below.
  --idempotency-key <key>  [type: string; default: generated] Stable retry key for this mutation.
  --confirm                [type: boolean; default: false] Approve and apply a Policy-gated change.
  --json                   [type: boolean; default: false] Write machine-readable JSON to stdout.
  -h, --help               [type: boolean; default: false] Show help and exit.

Request body (--body-json):
  name             optional  string
  value            optional  boolean | string | number | Record<string, unknown>
  description      optional  string
  review           optional  { action: "approve_and_apply" }
  idempotency_key  required  string
  Example:
    {"value":true,"idempotency_key":"idem-1"}

Example:
  splitch flag-variants update <flag-id-or-key> <variant-name> --body-json '{"value":true,"idempotency_key":"idem-1"}' --json",
    "flags create": "Create a Flag definition (key, schema, Variant catalog).

Usage:
  splitch flags create [flags]

Flags:
  --app <app>              [type: string; default: SPLITCH_APP or config] App ID or slug.
  --name <name>            [type: string; default: none] Resource name.
  --key <key>              [type: string; default: none] Flag KEY.
  --variants <names>       [type: comma-separated strings; default: none] Boolean Variant names.
  --body-json <json>       [type: JSON object; default: none] Request body fields; see Request body below.
  --idempotency-key <key>  [type: string; default: generated] Stable retry key for this mutation.
  --json                   [type: boolean; default: false] Write machine-readable JSON to stdout.
  -h, --help               [type: boolean; default: false] Show help and exit.

Request body (--body-json):
  appId            required  string
  name             required  string
  key              required  string
  schema           optional  Record<string, unknown> | null
  variants         required  { name: string; value: boolean | string | number | Record<string, unknown>; isDefault: boolean; description?: string }[]
  description      optional  string
  idempotency_key  required  string
  Example:
    {"appId":"app_1","name":"name","key":"key","variants":[{"name":"name","value":true,"isDefault":true}],"idempotency_key":"idem-1"}

Example:
  splitch flags create --key checkout --variants on,off --json",
    "flags delete": "Delete a Flag (blocked if referenced by a running Experiment).

Usage:
  splitch flags delete <flag-id-or-key> [flags]

Flags:
  --app <app>              [type: string; default: SPLITCH_APP or config] App ID or slug.
  --idempotency-key <key>  [type: string; default: generated] Stable retry key for this mutation.
  --json                   [type: boolean; default: false] Write machine-readable JSON to stdout.
  -h, --help               [type: boolean; default: false] Show help and exit.

Example:
  splitch flags delete <flag-id-or-key> --json",
    "flags get": "Get a Flag definition by canonical id (default) or by key via ?by=key.

Usage:
  splitch flags get <flag-id-or-key> [flags]

Flags:
  --app <app>  [type: string; default: SPLITCH_APP or config] App ID or slug.
  --json       [type: boolean; default: false] Write machine-readable JSON to stdout.
  -h, --help   [type: boolean; default: false] Show help and exit.

Example:
  splitch flags get <flag-id-or-key> --json",
    "flags list": "List Flag definitions in an App (bounded; reports its own truncation).

Usage:
  splitch flags list [flags]

Flags:
  --app <app>  [type: string; default: SPLITCH_APP or config] App ID or slug.
  --json       [type: boolean; default: false] Write machine-readable JSON to stdout.
  -h, --help   [type: boolean; default: false] Show help and exit.

Example:
  splitch flags list --json",
    "flags promote": "Promote selected Flag Configuration field-groups between Environments.

Usage:
  splitch flags promote <flag-id-or-key> [flags]

Flags:
  --app <app>                 [type: string; default: SPLITCH_APP or config] App ID or slug.
  --env <environment>         [type: string; default: SPLITCH_ENV or config] Environment ID or slug.
  --from-environment-id <id>  [type: string; default: none] Source Environment ID.
  --body-json <json>          [type: JSON object; default: none] Request body fields; see Request body below.
  --idempotency-key <key>     [type: string; default: generated] Stable retry key for this mutation.
  --confirm                   [type: boolean; default: false] Approve and apply a Policy-gated change.
  --json                      [type: boolean; default: false] Write machine-readable JSON to stdout.
  -h, --help                  [type: boolean; default: false] Show help and exit.

Request body (--body-json):
  fromEnvironmentId  required  string
  select             required  { availability?: string[]; targeting?: true; rollout?: true; enabled?: true }
  review             optional  { action: "approve_and_apply" }
  idempotency_key    required  string
  Example:
    {"fromEnvironmentId":"fromEnvironment_1","select":{"availability":[],"targeting":true,"rollout":true,"enabled":true},"idempotency_key":"idem-1"}

Example:
  splitch flags promote <flag-id-or-key> --body-json '{"fromEnvironmentId":"fromEnvironment_1","select":{"availability":[],"targeting":true,"rollout":true,"enabled":true},"idempotency_key":"idem-1"}' --json",
    "flags test-eval": "Dry-run resolve a Flag with the full resolution reason without firing an Exposure.

Usage:
  splitch flags test-eval <flag-key> [flags]

Flags:
  --app <app>            [type: string; default: SPLITCH_APP or config] App ID or slug.
  --env <environment>    [type: string; default: SPLITCH_ENV or config] Environment ID or slug.
  --targeting-key <key>  [type: string; default: none] Entity Targeting Key.
  --context-json <json>  [type: JSON object; default: {"attributes":{}}] Evaluation Context fields.
  --body-json <json>     [type: JSON object; default: none] Request body fields; see Request body below.
  --json                 [type: boolean; default: false] Write machine-readable JSON to stdout.
  -h, --help             [type: boolean; default: false] Show help and exit.

Request body (--body-json):
  evaluationContext  required  { targetingKey: string; idType: string; attributes: Record<string, boolean | string | number | unknown[]> }
  Example:
    {"evaluationContext":{"targetingKey":"userId","idType":"idType","attributes":{"control":true,"treatment":true}}}

Example:
  splitch flags test-eval <flag-key> --targeting-key user-123 --json",
    "flags update": "Update a Flag definition's name/description/schema.

Usage:
  splitch flags update <flag-id-or-key> [flags]

Flags:
  --app <app>         [type: string; default: SPLITCH_APP or config] App ID or slug.
  --name <name>       [type: string; default: none] Resource name.
  --body-json <json>  [type: JSON object; default: none] Request body fields; see Request body below.
  --json              [type: boolean; default: false] Write machine-readable JSON to stdout.
  -h, --help          [type: boolean; default: false] Show help and exit.

Request body (--body-json):
  name         optional  string
  schema       optional  Record<string, unknown> | null
  description  optional  string
  Example:
    {"name":"name"}

Example:
  splitch flags update <flag-id-or-key> --body-json '{"name":"name"}' --json",
    "flags verify": "Verify a Flag KEY through the data plane without firing an Exposure.

Usage:
  splitch flags verify <flag-key> [flags]

Flags:
  --app <app>            [type: string; default: SPLITCH_APP or config] App ID or slug.
  --env <environment>    [type: string; default: SPLITCH_ENV or config] Environment ID or slug.
  --targeting-key <key>  [type: string; default: none] Entity Targeting Key.
  --context-json <json>  [type: JSON object; default: {"attributes":{}}] Evaluation Context fields.
  --json                 [type: boolean; default: false] Write machine-readable JSON to stdout.
  -h, --help             [type: boolean; default: false] Show help and exit.

Credential semantics:
  Client Key is public and safe for untrusted clients; flags verify fetches it automatically.

Example:
  splitch flags verify checkout --targeting-key user-123 --json",
    "metrics create": "Create a Metric (binomial, count, revenue, ratio, guardrail).

Usage:
  splitch metrics create [flags]

Flags:
  --app <app>              [type: string; default: SPLITCH_APP or config] App ID or slug.
  --name <name>            [type: string; default: none] Resource name.
  --key <key>              [type: string; default: none] Resource key.
  --body-json <json>       [type: JSON object; default: none] Request body fields; see Request body below.
  --idempotency-key <key>  [type: string; default: generated] Stable retry key for this mutation.
  --json                   [type: boolean; default: false] Write machine-readable JSON to stdout.
  -h, --help               [type: boolean; default: false] Show help and exit.

Request body (--body-json):
  appId                      required  string
  name                       required  string
  key                        required  string
  kind                       required  string ("binomial" | "count" | "revenue" | "ratio")
  eventName                  required  string
  eventValueField            optional  string
  denominator                optional  { metricId: string }
  description                optional  string
  downsideThresholdPct       optional  number | null
  winsorize                  optional  boolean | null
  winsorizePct               optional  number | null
  cuped                      optional  boolean | null
  cupedCoverageThresholdPct  optional  number | null
  idempotency_key            optional  string
  Example:
    {"appId":"app_1","name":"name","key":"key","kind":"binomial","eventName":"eventName"}

Example:
  splitch metrics create --body-json '{"appId":"app_1","name":"name","key":"key","kind":"binomial","eventName":"eventName"}' --json",
    "metrics delete": "Delete a Metric (blocked if referenced by a running Experiment).

Usage:
  splitch metrics delete <metric-id> [flags]

Flags:
  --app <app>  [type: string; default: SPLITCH_APP or config] App ID or slug.
  --json       [type: boolean; default: false] Write machine-readable JSON to stdout.
  -h, --help   [type: boolean; default: false] Show help and exit.

Example:
  splitch metrics delete <metric-id> --json",
    "metrics get": "Get a Metric.

Usage:
  splitch metrics get <metric-id> [flags]

Flags:
  --app <app>  [type: string; default: SPLITCH_APP or config] App ID or slug.
  --json       [type: boolean; default: false] Write machine-readable JSON to stdout.
  -h, --help   [type: boolean; default: false] Show help and exit.

Example:
  splitch metrics get <metric-id> --json",
    "metrics list": "List Metrics in an App.

Usage:
  splitch metrics list [flags]

Flags:
  --app <app>  [type: string; default: SPLITCH_APP or config] App ID or slug.
  --json       [type: boolean; default: false] Write machine-readable JSON to stdout.
  -h, --help   [type: boolean; default: false] Show help and exit.

Example:
  splitch metrics list --json",
    "metrics update": "Update a Metric (decision-valid edits gated by DECISION_LOCKED).

Usage:
  splitch metrics update <metric-id> [flags]

Flags:
  --app <app>         [type: string; default: SPLITCH_APP or config] App ID or slug.
  --name <name>       [type: string; default: none] Resource name.
  --key <key>         [type: string; default: none] Resource key.
  --body-json <json>  [type: JSON object; default: none] Request body fields; see Request body below.
  --json              [type: boolean; default: false] Write machine-readable JSON to stdout.
  -h, --help          [type: boolean; default: false] Show help and exit.

Request body (--body-json):
  name                       optional  string
  key                        optional  string
  kind                       optional  string ("binomial" | "count" | "revenue" | "ratio")
  eventName                  optional  string
  eventValueField            optional  string
  denominator                optional  { metricId: string }
  description                optional  string
  downsideThresholdPct       optional  number | null
  winsorize                  optional  boolean | null
  winsorizePct               optional  number | null
  cuped                      optional  boolean | null
  cupedCoverageThresholdPct  optional  number | null
  Example:
    {"kind":"binomial"}

Example:
  splitch metrics update <metric-id> --body-json '{"kind":"binomial"}' --json",
    "organization-members add": "Add a member to an organization.

Usage:
  splitch organization-members add <org-id> [flags]

Flags:
  --org <organization>  [type: string; default: none] Organization ID.
  --body-json <json>    [type: JSON object; default: none] Request body fields; see Request body below.
  --json                [type: boolean; default: false] Write machine-readable JSON to stdout.
  -h, --help            [type: boolean; default: false] Show help and exit.

Request body (--body-json):
  userId  required  string
  role    required  string ("owner" | "admin" | "member")
  Example:
    {"userId":"user_1","role":"owner"}

Example:
  splitch organization-members add <org-id> --body-json '{"userId":"user_1","role":"owner"}' --json",
    "organization-members list": "List organization members.

Usage:
  splitch organization-members list <org-id> [flags]

Flags:
  --org <organization>  [type: string; default: none] Organization ID.
  --json                [type: boolean; default: false] Write machine-readable JSON to stdout.
  -h, --help            [type: boolean; default: false] Show help and exit.

Example:
  splitch organization-members list <org-id> --json",
    "organization-members remove": "Remove a member (rejected if removing the last owner).

Usage:
  splitch organization-members remove <org-id> <user-id> [flags]

Flags:
  --org <organization>  [type: string; default: none] Organization ID.
  --json                [type: boolean; default: false] Write machine-readable JSON to stdout.
  -h, --help            [type: boolean; default: false] Show help and exit.

Example:
  splitch organization-members remove <org-id> <user-id> --json",
    "organization-members update": "Change a member's role.

Usage:
  splitch organization-members update <org-id> <user-id> [flags]

Flags:
  --org <organization>  [type: string; default: none] Organization ID.
  --body-json <json>    [type: JSON object; default: none] Request body fields; see Request body below.
  --json                [type: boolean; default: false] Write machine-readable JSON to stdout.
  -h, --help            [type: boolean; default: false] Show help and exit.

Request body (--body-json):
  role  required  string ("owner" | "admin" | "member")
  Example:
    {"role":"owner"}

Example:
  splitch organization-members update <org-id> <user-id> --body-json '{"role":"owner"}' --json",
    "organization-privacy export": "Export an Organization's data.

Usage:
  splitch organization-privacy export <org-id> [flags]

Flags:
  --org <organization>  [type: string; default: none] Organization ID.
  --json                [type: boolean; default: false] Write machine-readable JSON to stdout.
  -h, --help            [type: boolean; default: false] Show help and exit.

Example:
  splitch organization-privacy export <org-id> --json",
    "organization-usage get": "Get an Organization's current-month Evaluation usage breakdown.

Usage:
  splitch organization-usage get <org-id> [flags]

Flags:
  --org <organization>  [type: string; default: none] Organization ID.
  --json                [type: boolean; default: false] Write machine-readable JSON to stdout.
  -h, --help            [type: boolean; default: false] Show help and exit.

Example:
  splitch organization-usage get <org-id> --json",
    "orgs create": "Create an organization; the calling principal becomes its owner.

Usage:
  splitch orgs create [flags]

Flags:
  --name <name>       [type: string; default: none] Resource name.
  --body-json <json>  [type: JSON object; default: none] Request body fields; see Request body below.
  --json              [type: boolean; default: false] Write machine-readable JSON to stdout.
  -h, --help          [type: boolean; default: false] Show help and exit.

Request body (--body-json):
  name  required  string
  slug  optional  string
  Example:
    {"name":"name"}

Example:
  splitch orgs create --body-json '{"name":"name"}' --json",
    "orgs delete": "Delete an organization (requires a prior dry-run confirmation token).

Usage:
  splitch orgs delete <org-id> [flags]

Flags:
  --org <organization>  [type: string; default: none] Organization ID.
  --json                [type: boolean; default: false] Write machine-readable JSON to stdout.
  -h, --help            [type: boolean; default: false] Show help and exit.

Example:
  splitch orgs delete <org-id> --json",
    "orgs get": "Get one organization.

Usage:
  splitch orgs get <org-id> [flags]

Flags:
  --org <organization>  [type: string; default: none] Organization ID.
  --json                [type: boolean; default: false] Write machine-readable JSON to stdout.
  -h, --help            [type: boolean; default: false] Show help and exit.

Example:
  splitch orgs get <org-id> --json",
    "orgs list": "List organizations the token can reach (agent cold-start entry).

Usage:
  splitch orgs list [flags]

Flags:
  --json      [type: boolean; default: false] Write machine-readable JSON to stdout.
  -h, --help  [type: boolean; default: false] Show help and exit.

Example:
  splitch orgs list --json",
    "orgs update": "Rename an organization or change its plan.

Usage:
  splitch orgs update <org-id> [flags]

Flags:
  --org <organization>  [type: string; default: none] Organization ID.
  --name <name>         [type: string; default: none] Resource name.
  --body-json <json>    [type: JSON object; default: none] Request body fields; see Request body below.
  --json                [type: boolean; default: false] Write machine-readable JSON to stdout.
  -h, --help            [type: boolean; default: false] Show help and exit.

Request body (--body-json):
  name  optional  string
  plan  optional  string ("free" | "pro" | "enterprise")
  Example:
    {"plan":"free"}

Example:
  splitch orgs update <org-id> --body-json '{"plan":"free"}' --json",
    "privacy-requests get": "Get a privacy request's status (and its job, if any).

Usage:
  splitch privacy-requests get <request-id> [flags]

Flags:
  --json      [type: boolean; default: false] Write machine-readable JSON to stdout.
  -h, --help  [type: boolean; default: false] Show help and exit.

Example:
  splitch privacy-requests get <request-id> --json",
    "runs end": "End a running Run.

Usage:
  splitch runs end <run-id> [flags]

Flags:
  --app <app>          [type: string; default: SPLITCH_APP or config] App ID or slug.
  --env <environment>  [type: string; default: SPLITCH_ENV or config] Environment ID or slug.
  --body-json <json>   [type: JSON object; default: none] Request body fields; see Request body below.
  --json               [type: boolean; default: false] Write machine-readable JSON to stdout.
  -h, --help           [type: boolean; default: false] Show help and exit.

Request body (--body-json):
  reason  optional  string
  Example:
    {"reason":"reason"}

Example:
  splitch runs end <run-id> --body-json '{"reason":"reason"}' --json",
    "runs get": "Get a full Run (frozen assignment + measurement config + status).

Usage:
  splitch runs get <experiment-id> <run-id> [flags]

Flags:
  --app <app>          [type: string; default: SPLITCH_APP or config] App ID or slug.
  --env <environment>  [type: string; default: SPLITCH_ENV or config] Environment ID or slug.
  --json               [type: boolean; default: false] Write machine-readable JSON to stdout.
  -h, --help           [type: boolean; default: false] Show help and exit.

Example:
  splitch runs get <experiment-id> <run-id> --json",
    "runs list": "List an Experiment's Runs (newest first).

Usage:
  splitch runs list <experiment-id> [flags]

Flags:
  --app <app>          [type: string; default: SPLITCH_APP or config] App ID or slug.
  --env <environment>  [type: string; default: SPLITCH_ENV or config] Environment ID or slug.
  --json               [type: boolean; default: false] Write machine-readable JSON to stdout.
  -h, --help           [type: boolean; default: false] Show help and exit.

Example:
  splitch runs list <experiment-id> --json",
    "segments create": "Create a Segment.

Usage:
  splitch segments create [flags]

Flags:
  --app <app>              [type: string; default: SPLITCH_APP or config] App ID or slug.
  --name <name>            [type: string; default: none] Resource name.
  --body-json <json>       [type: JSON object; default: none] Request body fields; see Request body below.
  --idempotency-key <key>  [type: string; default: generated] Stable retry key for this mutation.
  --json                   [type: boolean; default: false] Write machine-readable JSON to stdout.
  -h, --help               [type: boolean; default: false] Show help and exit.

Request body (--body-json):
  name             required  string
  description      optional  string
  conditions       required  { attribute: string; operator: string ("eq" | "neq" | "gt" | "lt" | "gte" | "lte" | "in" | "not_in" | "matches" | "not_matches"); value: boolean | string | number | unknown[] }[]
  idempotency_key  optional  string
  Example:
    {"name":"name","conditions":[{"attribute":"attribute","operator":"eq","value":true}]}

Example:
  splitch segments create --body-json '{"name":"name","conditions":[{"attribute":"attribute","operator":"eq","value":true}]}' --json",
    "segments delete": "Delete a Segment (blocked if referenced by a running Experiment).

Usage:
  splitch segments delete <segment-id> [flags]

Flags:
  --app <app>  [type: string; default: SPLITCH_APP or config] App ID or slug.
  --json       [type: boolean; default: false] Write machine-readable JSON to stdout.
  -h, --help   [type: boolean; default: false] Show help and exit.

Example:
  splitch segments delete <segment-id> --json",
    "segments get": "Get a Segment.

Usage:
  splitch segments get <segment-id> [flags]

Flags:
  --app <app>  [type: string; default: SPLITCH_APP or config] App ID or slug.
  --json       [type: boolean; default: false] Write machine-readable JSON to stdout.
  -h, --help   [type: boolean; default: false] Show help and exit.

Example:
  splitch segments get <segment-id> --json",
    "segments list": "List Segments in an App.

Usage:
  splitch segments list [flags]

Flags:
  --app <app>  [type: string; default: SPLITCH_APP or config] App ID or slug.
  --json       [type: boolean; default: false] Write machine-readable JSON to stdout.
  -h, --help   [type: boolean; default: false] Show help and exit.

Example:
  splitch segments list --json",
    "segments update": "Update a Segment.

Usage:
  splitch segments update <segment-id> [flags]

Flags:
  --app <app>         [type: string; default: SPLITCH_APP or config] App ID or slug.
  --name <name>       [type: string; default: none] Resource name.
  --body-json <json>  [type: JSON object; default: none] Request body fields; see Request body below.
  --json              [type: boolean; default: false] Write machine-readable JSON to stdout.
  -h, --help          [type: boolean; default: false] Show help and exit.

Request body (--body-json):
  name         optional  string
  description  optional  string
  conditions   optional  { attribute: string; operator: string ("eq" | "neq" | "gt" | "lt" | "gte" | "lte" | "in" | "not_in" | "matches" | "not_matches"); value: boolean | string | number | unknown[] }[]
  Example:
    {"name":"name"}

Example:
  splitch segments update <segment-id> --body-json '{"name":"name"}' --json",
  },
  "groups": {
    "api-keys": "Manage api-keys resources.

Usage:
  splitch api-keys <action> [arguments] [flags]

Commands:
  list            List API Key metadata (no secrets).
  create          Mint an API Key (raw secret surfaced once only).
  revoke          Revoke an API Key.

Flags:
  -h, --help  [type: boolean; default: false] Show help and exit.

Example:
  splitch api-keys list --help",
    "app-attention-rollup": "Manage app-attention-rollup resources.

Usage:
  splitch app-attention-rollup <action> [arguments] [flags]

Commands:
  get             Read explicit per-Environment SRM and Guardrail attention for one App.

Flags:
  -h, --help  [type: boolean; default: false] Show help and exit.

Example:
  splitch app-attention-rollup get --help",
    "app-privacy": "Manage app-privacy resources.

Usage:
  splitch app-privacy <action> [arguments] [flags]

Commands:
  export          Export an App's data.

Flags:
  -h, --help  [type: boolean; default: false] Show help and exit.

Example:
  splitch app-privacy export --help",
    "approval-request-reviews": "Manage approval-request-reviews resources.

Usage:
  splitch approval-request-reviews <action> [arguments] [flags]

Commands:
  create          Review a pending Approval Request and optionally apply its proposal.

Flags:
  -h, --help  [type: boolean; default: false] Show help and exit.

Example:
  splitch approval-request-reviews create --help",
    "approval-requests": "Manage approval-requests resources.

Usage:
  splitch approval-requests <action> [arguments] [flags]

Commands:
  list            List Approval Requests in an App.
  get             Get one full Approval Request projection.

Flags:
  -h, --help  [type: boolean; default: false] Show help and exit.

Example:
  splitch approval-requests list --help",
    "apps": "Manage apps resources.

Usage:
  splitch apps <action> [arguments] [flags]

Commands:
  list            List the Apps in an organization.
  create          Create an App (provisions dev + prod Environments and Client Keys).
  get             Get one App.
  update          Rename an App.
  delete          Delete an App. Dry-run mode lists every blocker with IDs and remove commands; force mode cascades non-gated children and stops with pending Approval Request IDs when Policy requires Review. Blocked while any Experiment is running.

Flags:
  -h, --help  [type: boolean; default: false] Show help and exit.

Example:
  splitch apps list --help",
    "client-key": "Manage client-key resources.

Usage:
  splitch client-key <action> [arguments] [flags]

Commands:
  get             Get the Environment's public Client Key (never 404s for a live Env).
  update          Update the Client Key's origin allow-list / rate limit.
  rotate          Revoke the current Client Key and create its replacement.

Flags:
  -h, --help  [type: boolean; default: false] Show help and exit.

Example:
  splitch client-key get --help",
    "current-user": "Manage current-user resources.

Usage:
  splitch current-user <action> [arguments] [flags]

Commands:
  delete          Request deletion of the authenticated User.

Flags:
  -h, --help  [type: boolean; default: false] Show help and exit.

Example:
  splitch current-user delete --help",
    "current-user-privacy": "Manage current-user-privacy resources.

Usage:
  splitch current-user-privacy <action> [arguments] [flags]

Commands:
  export          Export the authenticated User's data.

Flags:
  -h, --help  [type: boolean; default: false] Show help and exit.

Example:
  splitch current-user-privacy export --help",
    "entity-privacy": "Manage entity-privacy resources.

Usage:
  splitch entity-privacy <action> [arguments] [flags]

Commands:
  export          Export an Entity's data-subject records (Targeting Key hashed server-side).
  delete          Delete an Entity's data (tombstones + queued physical purge).

Flags:
  -h, --help  [type: boolean; default: false] Show help and exit.

Example:
  splitch entity-privacy export --help",
    "env-policy": "Manage env-policy resources.

Usage:
  splitch env-policy <action> [arguments] [flags]

Commands:
  get             Get the selected Environment Policy.
  set             Update the selected Environment Policy.

Flags:
  -h, --help  [type: boolean; default: false] Show help and exit.

Example:
  splitch env-policy get --help",
    "envs": "Manage envs resources.

Usage:
  splitch envs <action> [arguments] [flags]

Commands:
  list            List an App's Environments.
  create          Create an Environment (auto-provisions its Client Key).
  get             Get one Environment (includes its inline Policy).
  update          Rename an Environment or edit its Policy.
  delete          Delete an Environment (blocked if running or last Environment).

Flags:
  -h, --help  [type: boolean; default: false] Show help and exit.

Example:
  splitch envs list --help",
    "experiment-results": "Manage experiment-results resources.

Usage:
  splitch experiment-results <action> [arguments] [flags]

Commands:
  get             Get an Experiment's results envelope: state ready with StatsOutput, state no_data naming the missing input, or state no_run naming Start when the Experiment has never had a Run.
  post            Get an Experiment's results envelope: state ready with StatsOutput, state no_data naming the missing input, or state no_run naming Start when the Experiment has never had a Run.

Flags:
  -h, --help  [type: boolean; default: false] Show help and exit.

Example:
  splitch experiment-results get --help",
    "experiments": "Manage experiments resources.

Usage:
  splitch experiments <action> [arguments] [flags]

Commands:
  list            List Experiments in an Environment.
  create          Create an Experiment draft.
  get             Get an Experiment (includes live Run id, draft config).
  update          Edit an Experiment (assignment edits gated by RUN_FROZEN / DECISION_LOCKED). Staged Targeting Rule edits under a live Run leave evaluation on the frozen Run.
  start           Start the draft as a new Run; ends any running Run (Policy-gated). Freezes draft Targeting Rules into the Run.
  delete          Archive an Experiment; Runs are retained (blocked while a Run is running).

Flags:
  -h, --help  [type: boolean; default: false] Show help and exit.

Example:
  splitch experiments list --help",
    "flag-config": "Manage flag-config resources.

Usage:
  splitch flag-config <action> [arguments] [flags]

Commands:
  get             Get a Flag's per-Environment Configuration.
  update          Update enabled state / available Variants (Policy-gated change types). Turning a Flag Config off applies without approval regardless of this level.

Flags:
  -h, --help  [type: boolean; default: false] Show help and exit.

Example:
  splitch flag-config get --help",
    "flag-targeting-rules": "Manage flag-targeting-rules resources.

Usage:
  splitch flag-targeting-rules <action> [arguments] [flags]

Commands:
  replace         Full-replace this Environment's ordered Targeting Rule list.

Flags:
  -h, --help  [type: boolean; default: false] Show help and exit.

Example:
  splitch flag-targeting-rules replace --help",
    "flag-variants": "Manage flag-variants resources.

Usage:
  splitch flag-variants <action> [arguments] [flags]

Commands:
  create          Add a Variant to the App-level catalog.
  update          Update a catalog Variant (value is Run-frozen).
  delete          Remove a catalog Variant (blocked if available or in a running Run).

Flags:
  -h, --help  [type: boolean; default: false] Show help and exit.

Example:
  splitch flag-variants create --help",
    "flags": "Manage flags resources.

Usage:
  splitch flags <action> [arguments] [flags]

Commands:
  list            List Flag definitions in an App (bounded; reports its own truncation).
  create          Create a Flag definition (key, schema, Variant catalog).
  get             Get a Flag definition by canonical id (default) or by key via ?by=key.
  update          Update a Flag definition's name/description/schema.
  delete          Delete a Flag (blocked if referenced by a running Experiment).
  promote         Promote selected Flag Configuration field-groups between Environments.
  test-eval       Dry-run resolve a Flag with the full resolution reason without firing an Exposure.
  verify          Verify a Flag KEY through the data plane without firing an Exposure.

Flags:
  -h, --help  [type: boolean; default: false] Show help and exit.

Example:
  splitch flags list --help",
    "metrics": "Manage metrics resources.

Usage:
  splitch metrics <action> [arguments] [flags]

Commands:
  list            List Metrics in an App.
  create          Create a Metric (binomial, count, revenue, ratio, guardrail).
  get             Get a Metric.
  update          Update a Metric (decision-valid edits gated by DECISION_LOCKED).
  delete          Delete a Metric (blocked if referenced by a running Experiment).

Flags:
  -h, --help  [type: boolean; default: false] Show help and exit.

Example:
  splitch metrics list --help",
    "organization-members": "Manage organization-members resources.

Usage:
  splitch organization-members <action> [arguments] [flags]

Commands:
  list            List organization members.
  add             Add a member to an organization.
  update          Change a member's role.
  remove          Remove a member (rejected if removing the last owner).

Flags:
  -h, --help  [type: boolean; default: false] Show help and exit.

Example:
  splitch organization-members list --help",
    "organization-privacy": "Manage organization-privacy resources.

Usage:
  splitch organization-privacy <action> [arguments] [flags]

Commands:
  export          Export an Organization's data.

Flags:
  -h, --help  [type: boolean; default: false] Show help and exit.

Example:
  splitch organization-privacy export --help",
    "organization-usage": "Manage organization-usage resources.

Usage:
  splitch organization-usage <action> [arguments] [flags]

Commands:
  get             Get an Organization's current-month Evaluation usage breakdown.

Flags:
  -h, --help  [type: boolean; default: false] Show help and exit.

Example:
  splitch organization-usage get --help",
    "orgs": "Manage orgs resources.

Usage:
  splitch orgs <action> [arguments] [flags]

Commands:
  list            List organizations the token can reach (agent cold-start entry).
  create          Create an organization; the calling principal becomes its owner.
  get             Get one organization.
  update          Rename an organization or change its plan.
  delete          Delete an organization (requires a prior dry-run confirmation token).

Flags:
  -h, --help  [type: boolean; default: false] Show help and exit.

Example:
  splitch orgs list --help",
    "privacy-requests": "Manage privacy-requests resources.

Usage:
  splitch privacy-requests <action> [arguments] [flags]

Commands:
  get             Get a privacy request's status (and its job, if any).

Flags:
  -h, --help  [type: boolean; default: false] Show help and exit.

Example:
  splitch privacy-requests get --help",
    "runs": "Manage runs resources.

Usage:
  splitch runs <action> [arguments] [flags]

Commands:
  list            List an Experiment's Runs (newest first).
  get             Get a full Run (frozen assignment + measurement config + status).
  end             End a running Run.

Flags:
  -h, --help  [type: boolean; default: false] Show help and exit.

Example:
  splitch runs list --help",
    "segments": "Manage segments resources.

Usage:
  splitch segments <action> [arguments] [flags]

Commands:
  list            List Segments in an App.
  create          Create a Segment.
  get             Get a Segment.
  update          Update a Segment.
  delete          Delete a Segment (blocked if referenced by a running Experiment).

Flags:
  -h, --help  [type: boolean; default: false] Show help and exit.

Example:
  splitch segments list --help",
  },
  "meta": {
    "context": "Show the logged-in principal and the resolved App and Environment.

Usage:
  splitch context [flags]

Flags:
  --app <app>          [type: string; default: SPLITCH_APP or config] App ID or slug.
  --env <environment>  [type: string; default: SPLITCH_ENV or config] Environment ID or slug.
  --json               [type: boolean; default: false] Write machine-readable JSON to stdout.
  -h, --help           [type: boolean; default: false] Show help and exit.

Example:
  splitch context --json",
    "health": "Check the Control Plane API health endpoint.

Usage:
  splitch health [flags]

Flags:
  --endpoint <url>  [type: URL; default: resolved platform target origin] Control Plane API base URL.
  --json            [type: boolean; default: false] Write machine-readable JSON to stdout.
  -h, --help        [type: boolean; default: false] Show help and exit.

Example:
  splitch health --endpoint https://api.splitch.dev --json",
    "login": "Authenticate the control-plane session with the browser device flow.

Usage:
  splitch login [--app <app>] [flags]

Flags:
  --app <app>  [type: string; default: SPLITCH_APP or config] App ID or slug.
  --json       [type: boolean; default: false] Write machine-readable JSON to stdout.
  -h, --help   [type: boolean; default: false] Show help and exit.

Example:
  splitch login",
    "logout": "Remove the stored control-plane session.

Usage:
  splitch logout [flags]

Flags:
  --json      [type: boolean; default: false] Write machine-readable JSON to stdout.
  -h, --help  [type: boolean; default: false] Show help and exit.

Example:
  splitch logout --json",
    "use": "Select the default App and Environment for the current directory.

Usage:
  splitch use [--app <app>] [--env <environment>] [flags]

Flags:
  --app <app>          [type: string; default: unchanged] App ID or slug.
  --env <environment>  [type: string; default: unchanged] Environment ID or slug.
  --json               [type: boolean; default: false] Write machine-readable JSON to stdout.
  -h, --help           [type: boolean; default: false] Show help and exit.

Example:
  splitch use --app checkout --env dev --json",
  },
  "root": "splitch - agent-readable feature flag and experimentation control plane

Usage:
  splitch <command> [flags]
  splitch <resource> <action> [arguments] [flags]

Commands:
  login           Authenticate the control-plane session with the browser device flow.
  logout          Remove the stored control-plane session.
  use             Select the default App and Environment for the current directory.
  context         Show the logged-in principal and the resolved App and Environment.
  health          Check the Control Plane API health endpoint.

Resource groups:
  api-keys
  app-attention-rollup
  app-privacy
  approval-request-reviews
  approval-requests
  apps
  client-key
  current-user
  current-user-privacy
  entity-privacy
  env-policy
  envs
  experiment-results
  experiments
  flag-config
  flag-targeting-rules
  flag-variants
  flags
  metrics
  organization-members
  organization-privacy
  organization-usage
  orgs
  privacy-requests
  runs
  segments

Flags:
  -h, --help  [type: boolean; default: false] Show help and exit.

Credential semantics:
  Client Key  Public data-plane key for browsers, mobile apps, and other untrusted clients.
  API Key     Secret data-plane key for trusted servers; a newly created value is shown once.

Example:
  splitch flags list --app checkout --json

Run \`splitch <command> --help\` or \`splitch <resource> <action> --help\` for details.",
}
`;
